Archive member included because of file (symbol)

./\libline.a(line.o)          main.o (abs_ratio)
c:/winavr-20100110/bin/../lib/gcc/avr/4.3.3/avr51\libgcc.a(_udivmodhi4.o)
                              ./\libline.a(line.o) (__udivmodhi4)
c:/winavr-20100110/bin/../lib/gcc/avr/4.3.3/avr51\libgcc.a(_divmodhi4.o)
                              ./\libline.a(line.o) (__divmodhi4)
c:/winavr-20100110/bin/../lib/gcc/avr/4.3.3/avr51\libgcc.a(_exit.o)
                              c:/winavr-20100110/bin/../lib/gcc/avr/4.3.3/../../../../avr/lib/avr51/crtm128.o (exit)
c:/winavr-20100110/bin/../lib/gcc/avr/4.3.3/avr51\libgcc.a(_clear_bss.o)
                              main.o (__do_clear_bss)
c:/winavr-20100110/bin/../lib/gcc/avr/4.3.3/avr51\libgcc.a(_fixunssfsi.o)
                              ./\libline.a(line.o) (__fixunssfsi)
c:/winavr-20100110/bin/../lib/gcc/avr/4.3.3/avr51\libgcc.a(_addsub_sf.o)
                              c:/winavr-20100110/bin/../lib/gcc/avr/4.3.3/avr51\libgcc.a(_fixunssfsi.o) (__subsf3)
c:/winavr-20100110/bin/../lib/gcc/avr/4.3.3/avr51\libgcc.a(_mul_sf.o)
                              ./\libline.a(line.o) (__mulsf3)
c:/winavr-20100110/bin/../lib/gcc/avr/4.3.3/avr51\libgcc.a(_ge_sf.o)
                              c:/winavr-20100110/bin/../lib/gcc/avr/4.3.3/avr51\libgcc.a(_fixunssfsi.o) (__gesf2)
c:/winavr-20100110/bin/../lib/gcc/avr/4.3.3/avr51\libgcc.a(_sf_to_si.o)
                              c:/winavr-20100110/bin/../lib/gcc/avr/4.3.3/avr51\libgcc.a(_fixunssfsi.o) (__fixsfsi)
c:/winavr-20100110/bin/../lib/gcc/avr/4.3.3/avr51\libgcc.a(_thenan_sf.o)
                              c:/winavr-20100110/bin/../lib/gcc/avr/4.3.3/avr51\libgcc.a(_addsub_sf.o) (__thenan_sf)
c:/winavr-20100110/bin/../lib/gcc/avr/4.3.3/avr51\libgcc.a(_usi_to_sf.o)
                              ./\libline.a(line.o) (__floatunsisf)
c:/winavr-20100110/bin/../lib/gcc/avr/4.3.3/avr51\libgcc.a(_prologue.o)
                              c:/winavr-20100110/bin/../lib/gcc/avr/4.3.3/avr51\libgcc.a(_addsub_sf.o) (__prologue_saves__)
c:/winavr-20100110/bin/../lib/gcc/avr/4.3.3/avr51\libgcc.a(_epilogue.o)
                              c:/winavr-20100110/bin/../lib/gcc/avr/4.3.3/avr51\libgcc.a(_addsub_sf.o) (__epilogue_restores__)
c:/winavr-20100110/bin/../lib/gcc/avr/4.3.3/avr51\libgcc.a(_clzsi2.o)
                              c:/winavr-20100110/bin/../lib/gcc/avr/4.3.3/avr51\libgcc.a(_usi_to_sf.o) (__clzsi2)
c:/winavr-20100110/bin/../lib/gcc/avr/4.3.3/avr51\libgcc.a(_pack_sf.o)
                              c:/winavr-20100110/bin/../lib/gcc/avr/4.3.3/avr51\libgcc.a(_addsub_sf.o) (__pack_f)
c:/winavr-20100110/bin/../lib/gcc/avr/4.3.3/avr51\libgcc.a(_unpack_sf.o)
                              c:/winavr-20100110/bin/../lib/gcc/avr/4.3.3/avr51\libgcc.a(_addsub_sf.o) (__unpack_f)
c:/winavr-20100110/bin/../lib/gcc/avr/4.3.3/avr51\libgcc.a(_fpcmp_parts_sf.o)
                              c:/winavr-20100110/bin/../lib/gcc/avr/4.3.3/avr51\libgcc.a(_ge_sf.o) (__fpcmp_parts_f)
c:/winavr-20100110/bin/../lib/gcc/avr/4.3.3/avr51\libgcc.a(_clz.o)
                              c:/winavr-20100110/bin/../lib/gcc/avr/4.3.3/avr51\libgcc.a(_clzsi2.o) (__clz_tab)
c:/winavr-20100110/bin/../lib/gcc/avr/4.3.3/../../../../avr/lib/avr51\libc.a(iob.o)
                              ./\libline.a(line.o) (__iob)
c:/winavr-20100110/bin/../lib/gcc/avr/4.3.3/../../../../avr/lib/avr51\libc.a(printf.o)
                              ./\libline.a(line.o) (printf)
c:/winavr-20100110/bin/../lib/gcc/avr/4.3.3/../../../../avr/lib/avr51\libc.a(putchar.o)
                              ./\libline.a(line.o) (putchar)
c:/winavr-20100110/bin/../lib/gcc/avr/4.3.3/../../../../avr/lib/avr51\libc.a(vfprintf_std.o)
                              c:/winavr-20100110/bin/../lib/gcc/avr/4.3.3/../../../../avr/lib/avr51\libc.a(printf.o) (vfprintf)
c:/winavr-20100110/bin/../lib/gcc/avr/4.3.3/../../../../avr/lib/avr51\libc.a(eewr_byte_atmega128.o)
                              ./\libline.a(line.o) (__eewr_byte_m128)
c:/winavr-20100110/bin/../lib/gcc/avr/4.3.3/../../../../avr/lib/avr51\libc.a(strnlen_P.o)
                              c:/winavr-20100110/bin/../lib/gcc/avr/4.3.3/../../../../avr/lib/avr51\libc.a(vfprintf_std.o) (strnlen_P)
c:/winavr-20100110/bin/../lib/gcc/avr/4.3.3/../../../../avr/lib/avr51\libc.a(strnlen.o)
                              c:/winavr-20100110/bin/../lib/gcc/avr/4.3.3/../../../../avr/lib/avr51\libc.a(vfprintf_std.o) (strnlen)
c:/winavr-20100110/bin/../lib/gcc/avr/4.3.3/../../../../avr/lib/avr51\libc.a(fputc.o)
                              c:/winavr-20100110/bin/../lib/gcc/avr/4.3.3/../../../../avr/lib/avr51\libc.a(putchar.o) (fputc)
c:/winavr-20100110/bin/../lib/gcc/avr/4.3.3/../../../../avr/lib/avr51\libc.a(ultoa_invert.o)
                              c:/winavr-20100110/bin/../lib/gcc/avr/4.3.3/../../../../avr/lib/avr51\libc.a(vfprintf_std.o) (__ultoa_invert)

Allocating common symbols
Common symbol       size              file

habs_break          0x6               ./\libline.a(line.o)
result_timer        0x2               ./\libline.a(line.o)
ul_before           0x8               ./\libline.a(line.o)
EMOTOR              0x6               ./\libline.a(line.o)
savespeed           0x0               ./\libline.a(line.o)
Mapping             0x12c             main.o
ul_real             0x8               ./\libline.a(line.o)
labs_break          0x6               ./\libline.a(line.o)
absh_5              0x15              main.o
ServoOnPosition     0x8               ./\libline.a(line.o)
absh_2              0x15              main.o
ULTRA_MM            0x10              ./\libline.a(line.o)
abs_break           0x6               ./\libline.a(line.o)
ServoOffPosition    0x8               ./\libline.a(line.o)
ADCDATA             0x8               ./\libline.a(line.o)
debug               0x14              ./\libline.a(line.o)
B_SENSOR_ANALOG     0x8               ./\libline.a(line.o)
o_abs_break         0x6               ./\libline.a(line.o)
DEBUG               0xc8              ./\libline.a(line.o)
idu                 0x2               ./\libline.a(line.o)
before_uptimer      0x2               ./\libline.a(line.o)
uptimer             0x2               ./\libline.a(line.o)
absh_1              0x15              main.o
F_SENSOR_ANALOG     0x8               ./\libline.a(line.o)
save_break          0x6               ./\libline.a(line.o)
ULTRA_CH            0x10              ./\libline.a(line.o)
ServoGoalPosition   0x8               ./\libline.a(line.o)
t_abs_break         0x6               ./\libline.a(line.o)
rxbuff              0x14              ./\libline.a(line.o)
B_EMOTOR            0x6               ./\libline.a(line.o)
ServoTracking       0x8               ./\libline.a(line.o)
PSDATA              0xa               ./\libline.a(line.o)
absh_3              0x15              main.o
_REMOCON            0x2               ./\libline.a(line.o)
absh_4              0x15              main.o
turn_break          0x1               ./\libline.a(line.o)
accdec_ratio        0x5               ./\libline.a(line.o)
__iob               0x6               c:/winavr-20100110/bin/../lib/gcc/avr/4.3.3/../../../../avr/lib/avr51\libc.a(iob.o)

Memory Configuration

Name             Origin             Length             Attributes
text             0x00000000         0x00020000         xr
data             0x00800060         0x0000ffa0         rw !x
eeprom           0x00810000         0x00010000         rw !x
fuse             0x00820000         0x00000400         rw !x
lock             0x00830000         0x00000400         rw !x
signature        0x00840000         0x00000400         rw !x
*default*        0x00000000         0xffffffff

Linker script and memory map

Address of section .data set to 0x800100
LOAD c:/winavr-20100110/bin/../lib/gcc/avr/4.3.3/../../../../avr/lib/avr51/crtm128.o
LOAD ./\libline.a
LOAD main.o
LOAD ./\libline.a
LOAD c:/winavr-20100110/bin/../lib/gcc/avr/4.3.3/avr51\libgcc.a
LOAD c:/winavr-20100110/bin/../lib/gcc/avr/4.3.3/../../../../avr/lib/avr51\libc.a
LOAD c:/winavr-20100110/bin/../lib/gcc/avr/4.3.3/avr51\libgcc.a

.hash
 *(.hash)

.dynsym
 *(.dynsym)

.dynstr
 *(.dynstr)

.gnu.version
 *(.gnu.version)

.gnu.version_d
 *(.gnu.version_d)

.gnu.version_r
 *(.gnu.version_r)

.rel.init
 *(.rel.init)

.rela.init
 *(.rela.init)

.rel.text
 *(.rel.text)
 *(.rel.text.*)
 *(.rel.gnu.linkonce.t*)

.rela.text
 *(.rela.text)
 *(.rela.text.*)
 *(.rela.gnu.linkonce.t*)

.rel.fini
 *(.rel.fini)

.rela.fini
 *(.rela.fini)

.rel.rodata
 *(.rel.rodata)
 *(.rel.rodata.*)
 *(.rel.gnu.linkonce.r*)

.rela.rodata
 *(.rela.rodata)
 *(.rela.rodata.*)
 *(.rela.gnu.linkonce.r*)

.rel.data
 *(.rel.data)
 *(.rel.data.*)
 *(.rel.gnu.linkonce.d*)

.rela.data
 *(.rela.data)
 *(.rela.data.*)
 *(.rela.gnu.linkonce.d*)

.rel.ctors
 *(.rel.ctors)

.rela.ctors
 *(.rela.ctors)

.rel.dtors
 *(.rel.dtors)

.rela.dtors
 *(.rela.dtors)

.rel.got
 *(.rel.got)

.rela.got
 *(.rela.got)

.rel.bss
 *(.rel.bss)

.rela.bss
 *(.rela.bss)

.rel.plt
 *(.rel.plt)

.rela.plt
 *(.rela.plt)

.text           0x00000000     0xaaba
 *(.vectors)
 .vectors       0x00000000       0x8c c:/winavr-20100110/bin/../lib/gcc/avr/4.3.3/../../../../avr/lib/avr51/crtm128.o
                0x00000000                __vectors
                0x00000000                __vector_default
 *(.vectors)
 *(.progmem.gcc*)
 *(.progmem*)
                0x0000008c                . = ALIGN (0x2)
                0x0000008c                __trampolines_start = .
 *(.trampolines)
 .trampolines   0x0000008c        0x0 linker stubs
 *(.trampolines*)
                0x0000008c                __trampolines_end = .
 *(.jumptables)
 *(.jumptables*)
 *(.lowtext)
 *(.lowtext*)
                0x0000008c                __ctors_start = .
 *(.ctors)
                0x0000008c                __ctors_end = .
                0x0000008c                __dtors_start = .
 *(.dtors)
                0x0000008c                __dtors_end = .
 SORT(*)(.ctors)
 SORT(*)(.dtors)
 *(.init0)
 .init0         0x0000008c        0x0 c:/winavr-20100110/bin/../lib/gcc/avr/4.3.3/../../../../avr/lib/avr51/crtm128.o
                0x0000008c                __init
 *(.init0)
 *(.init1)
 *(.init1)
 *(.init2)
 .init2         0x0000008c        0xc c:/winavr-20100110/bin/../lib/gcc/avr/4.3.3/../../../../avr/lib/avr51/crtm128.o
 *(.init2)
 *(.init3)
 *(.init3)
 *(.init4)
 .init4         0x00000098       0x1a c:/winavr-20100110/bin/../lib/gcc/avr/4.3.3/../../../../avr/lib/avr51/crtm128.o
                0x00000098                __do_copy_data
 .init4         0x000000b2       0x10 c:/winavr-20100110/bin/../lib/gcc/avr/4.3.3/avr51\libgcc.a(_clear_bss.o)
                0x000000b2                __do_clear_bss
 *(.init4)
 *(.init5)
 *(.init5)
 *(.init6)
 *(.init6)
 *(.init7)
 *(.init7)
 *(.init8)
 *(.init8)
 *(.init9)
 .init9         0x000000c2        0x8 c:/winavr-20100110/bin/../lib/gcc/avr/4.3.3/../../../../avr/lib/avr51/crtm128.o
 *(.init9)
 *(.text)
 .text          0x000000ca        0x4 c:/winavr-20100110/bin/../lib/gcc/avr/4.3.3/../../../../avr/lib/avr51/crtm128.o
                0x000000ca                __vector_22
                0x000000ca                __vector_28
                0x000000ca                __vector_34
                0x000000ca                __vector_24
                0x000000ca                __vector_12
                0x000000ca                __bad_interrupt
                0x000000ca                __vector_6
                0x000000ca                __vector_31
                0x000000ca                __vector_3
                0x000000ca                __vector_23
                0x000000ca                __vector_25
                0x000000ca                __vector_11
                0x000000ca                __vector_13
                0x000000ca                __vector_17
                0x000000ca                __vector_19
                0x000000ca                __vector_27
                0x000000ca                __vector_33
                0x000000ca                __vector_4
                0x000000ca                __vector_2
                0x000000ca                __vector_8
                0x000000ca                __vector_26
                0x000000ca                __vector_14
                0x000000ca                __vector_10
                0x000000ca                __vector_16
 .text          0x000000ce     0x21c2 main.o
                0x0000062e                push_line
                0x000009e4                find_home_safe
                0x000018ce                suline
                0x00000222                check_front_sensor_or
                0x00001b10                cdline
                0x00000f42                udrt
                0x00001348                udlt
                0x00000396                chg_dir
                0x0000174e                core_uline
                0x000018fa                culine
                0x000000e0                chg_udt
                0x000003a4                chg_absh
                0x00001c0e                find_home
                0x00001fce                lostuline
                0x0000187a                uline
                0x00001b72                mline
                0x00000cac                udline
                0x0000195c                core_dline
                0x00000790                find_line
                0x00001f34                cdline2
                0x000000e6                init_absh
                0x00000c4c                linemotor
                0x000000da                chg_ddt
                0x000002c6                servo_program
                0x00001adc                sdline
                0x000000ce                chg_utt
                0x000004ee                stline
                0x00000154                check_front_sensor
                0x00001e9e                main
                0x00001da0                solve_map
                0x000021a6                smline
                0x00001a88                dline
                0x00000bfc                absh_wheel
                0x00000734                go_turn
                0x000003ee                go_line
                0x000000d4                chg_dtt
                0x00000c22                Flinetrcaer
 .text          0x00002290     0x764e ./\libline.a(line.o)
                0x0000760a                lt2
                0x00002980                wheel
                0x00002404                nopdelay
                0x00002924                abswheel
                0x00008216                srt
                0x00006c8a                ttimer
                0x00002974                sturnstop
                0x000040d6                s_accdec
                0x000027ce                right_abs_process
                0x00002e32                __vector_1
                0x00007ed4                cline2
                0x00007946                irt5
                0x000030c4                __vector_32
                0x000075d6                ilt1
                0x0000762a                lt3
                0x00006c78                timer
                0x0000244a                ffmotor
                0x000069ae                reverse
                0x00006c5a                usertimer
                0x00002ab2                absh
                0x00003718                servo5
                0x00006cb2                outturn
                0x00004006                accdec_tracer
                0x00002b34                tempo
                0x000046dc                hc126
                0x00002bb8                bluetooth
                0x000069c0                linecolor
                0x000079a8                line8
                0x000022ac                u0tx
                0x00006af6                end_melody
                0x00005a54                start_key_check
                0x000043dc                _slt
                0x00003740                on
                0x000037ec                funerror
                0x000087ca                EER
                0x000072da                alt2
                0x000072c8                alt1
                0x00007658                right
                0x00008206                bmotor
                0x00007df0                line
                0x00003736                servo8
                0x00004cf2                sensing
                0x00007958                rt5
                0x000070a6                art4
                0x00002de2                remocon_cal
                0x0000296a                motorstop
                0x00008776                ultra_cal
                0x0000380c                errorcheck
                0x000070f0                aleft
                0x000087ba                EEW
                0x000068a8                flt
                0x00002472                real_left_motor
                0x000022c8                display
                0x00007618                ilt3
                0x000034ae                __vector_30
                0x00006c18                realtime
                0x0000797a                rt6
                0x000044a2                _srt
                0x000038ca                idelay
                0x00007312                left
                0x00003c4c                cross_check
                0x000045e6                tabs
                0x0000424e                d_accdec
                0x000066cc                f_bwline
                0x00002a6e                opendriver
                0x0000456a                pushuptime
                0x000050f0                tracer
                0x000061a2                psdline
                0x00007fa6                line5
                0x00005e46                sline
                0x000075f6                ilt2
                0x00008858                hyperterminal_debug
                0x00007f7e                line4
                0x00005b1c                led
                0x00006a88                level_up_melody
                0x000059ea                buzzer
                0x00008b4c                end
                0x00002c68                __vector_7
                0x00003704                servo3
                0x0000799a                rt7
                0x0000317a                linesensor_save
                0x00004cbe                SENSOR_CMD
                0x00007fce                line6
                0x00006c94                USART_Transmit
                0x0000829c                slt
                0x000046fe                linesensor_uart_get
                0x00007966                irt6
                0x00002a24                savedriver
                0x00003870                funerr_check
                0x000069ce                play
                0x00005202                linetracer
                0x0000265a                real_right_motor
                0x00005852                timersave
                0x0000764a                lt4
                0x00003658                servo
                0x00005d7a                linefind
                0x00006c68                readtime
                0x00002bce                __vector_5
                0x00005534                line_dec
                0x00006e9a                ort
                0x00002444                sensornumber
                0x00007d84                timeline
                0x0000501e                first_start
                0x000036f0                servo1
                0x0000245e                llmotor
                0x000066b8                b_bwline
                0x000070de                art7
                0x000072ee                alt3
                0x000023c6                delay_us
                0x000066da                f_bline
                0x00006992                psdsensor
                0x0000573e                int2dec2hex
                0x00006c9c                deg_buzzer
                0x00006a1a                level_down_melody
                0x00007d00                line1
                0x00002ae0                oabs
                0x00002986                UART_to_DEBUG
                0x000085d6                remocon_motor_move
                0x000047a8                before_line
                0x00007ffe                line7
                0x0000375a                remocon_id_toggle
                0x00008032                bwmotor
                0x00007638                ilt4
                0x00006bde                dir
                0x00002842                abs_ratio
                0x00008322                autotime
                0x0000630c                inputline
                0x00003578                __vector_9
                0x00006766                delay
                0x00002d3e                ultrasonic_tx
                0x00007f50                hline2
                0x000087d8                servo_set
                0x00008664                ps2_motor_move
                0x00007926                irt4
                0x00007300                alt4
                0x00003722                servo6
                0x000075e8                lt1
                0x0000597c                mbuzzer
                0x000037fa                error
                0x00004614                __vector_21
                0x00004882                __vector_15
                0x00007d5a                line2
                0x000030a0                __vector_29
                0x0000569e                line_acc
                0x0000370e                servo4
                0x00007e5e                cline
                0x00005718                savetime
                0x000066fe                motor
                0x00002cfc                ultrasonic
                0x00006eaa                olt
                0x00007988                irt7
                0x0000374c                off
                0x00002468                rrmotor
                0x00002b40                beep
                0x00003916                cross_check5
                0x000046cc                ext_ad_input
                0x00005b92                buzzerled
                0x00005c14                linelost
                0x0000236a                HEXTOARRAY
                0x000064ce                _bwline
                0x00002aa4                turnabsh
                0x00009426                start
                0x00005aa6                restart
                0x000066ea                b_bline
                0x000055d0                decprocess
                0x000067b6                frt
                0x000025e6                left_abs_process
                0x00003fec                crosspush
                0x000036fa                servo2
                0x00007938                rt4
                0x000070b8                art5
                0x00006b6a                start_melody
                0x00006eba                aright
                0x0000284c                pwm_ratio
                0x00002b64                melody
                0x00004a3c                __vector_18
                0x00004d26                debugboard_debug
                0x00002b0e                absl
                0x00005712                pline
                0x0000372c                servo7
                0x000037ea                sensortoggle
                0x000070ca                art6
                0x00003120                __vector_20
                0x00005fe0                linedelay
                0x00002454                bbmotor
                0x00003fc2                accdectime
                0x000023a6                pwm_data
                0x00002b98                remocon
 .text          0x000098de        0x0 c:/winavr-20100110/bin/../lib/gcc/avr/4.3.3/avr51\libgcc.a(_udivmodhi4.o)
 .text          0x000098de        0x0 c:/winavr-20100110/bin/../lib/gcc/avr/4.3.3/avr51\libgcc.a(_divmodhi4.o)
 .text          0x000098de        0x0 c:/winavr-20100110/bin/../lib/gcc/avr/4.3.3/avr51\libgcc.a(_exit.o)
 .text          0x000098de        0x0 c:/winavr-20100110/bin/../lib/gcc/avr/4.3.3/avr51\libgcc.a(_clear_bss.o)
 .text          0x000098de       0x58 c:/winavr-20100110/bin/../lib/gcc/avr/4.3.3/avr51\libgcc.a(_fixunssfsi.o)
                0x000098de                __fixunssfsi
 .text          0x00009936      0x354 c:/winavr-20100110/bin/../lib/gcc/avr/4.3.3/avr51\libgcc.a(_addsub_sf.o)
                0x00009bce                __subsf3
                0x00009c30                __addsf3
 .text          0x00009c8a      0x1f4 c:/winavr-20100110/bin/../lib/gcc/avr/4.3.3/avr51\libgcc.a(_mul_sf.o)
                0x00009c8a                __mulsf3
 .text          0x00009e7e       0x60 c:/winavr-20100110/bin/../lib/gcc/avr/4.3.3/avr51\libgcc.a(_ge_sf.o)
                0x00009e7e                __gesf2
 .text          0x00009ede       0xa8 c:/winavr-20100110/bin/../lib/gcc/avr/4.3.3/avr51\libgcc.a(_sf_to_si.o)
                0x00009ede                __fixsfsi
 .text          0x00009f86        0x0 c:/winavr-20100110/bin/../lib/gcc/avr/4.3.3/avr51\libgcc.a(_thenan_sf.o)
 .text          0x00009f86       0xf2 c:/winavr-20100110/bin/../lib/gcc/avr/4.3.3/avr51\libgcc.a(_usi_to_sf.o)
                0x00009f86                __floatunsisf
 .text          0x0000a078        0x0 c:/winavr-20100110/bin/../lib/gcc/avr/4.3.3/avr51\libgcc.a(_prologue.o)
 .text          0x0000a078        0x0 c:/winavr-20100110/bin/../lib/gcc/avr/4.3.3/avr51\libgcc.a(_epilogue.o)
 .text          0x0000a078       0x9e c:/winavr-20100110/bin/../lib/gcc/avr/4.3.3/avr51\libgcc.a(_clzsi2.o)
                0x0000a078                __clzsi2
 .text          0x0000a116      0x1aa c:/winavr-20100110/bin/../lib/gcc/avr/4.3.3/avr51\libgcc.a(_pack_sf.o)
                0x0000a116                __pack_f
 .text          0x0000a2c0       0xf0 c:/winavr-20100110/bin/../lib/gcc/avr/4.3.3/avr51\libgcc.a(_unpack_sf.o)
                0x0000a2c0                __unpack_f
 .text          0x0000a3b0       0xb2 c:/winavr-20100110/bin/../lib/gcc/avr/4.3.3/avr51\libgcc.a(_fpcmp_parts_sf.o)
                0x0000a3b0                __fpcmp_parts_f
 .text          0x0000a462        0x0 c:/winavr-20100110/bin/../lib/gcc/avr/4.3.3/avr51\libgcc.a(_clz.o)
 .text          0x0000a462        0x0 c:/winavr-20100110/bin/../lib/gcc/avr/4.3.3/../../../../avr/lib/avr51\libc.a(iob.o)
 .text          0x0000a462        0x0 c:/winavr-20100110/bin/../lib/gcc/avr/4.3.3/../../../../avr/lib/avr51\libc.a(printf.o)
 .text          0x0000a462        0x0 c:/winavr-20100110/bin/../lib/gcc/avr/4.3.3/../../../../avr/lib/avr51\libc.a(putchar.o)
 .text          0x0000a462        0x0 c:/winavr-20100110/bin/../lib/gcc/avr/4.3.3/../../../../avr/lib/avr51\libc.a(vfprintf_std.o)
 .text          0x0000a462        0x0 c:/winavr-20100110/bin/../lib/gcc/avr/4.3.3/../../../../avr/lib/avr51\libc.a(eewr_byte_atmega128.o)
 .text          0x0000a462        0x0 c:/winavr-20100110/bin/../lib/gcc/avr/4.3.3/../../../../avr/lib/avr51\libc.a(strnlen_P.o)
 .text          0x0000a462        0x0 c:/winavr-20100110/bin/../lib/gcc/avr/4.3.3/../../../../avr/lib/avr51\libc.a(strnlen.o)
 .text          0x0000a462        0x0 c:/winavr-20100110/bin/../lib/gcc/avr/4.3.3/../../../../avr/lib/avr51\libc.a(fputc.o)
 .text          0x0000a462        0x0 c:/winavr-20100110/bin/../lib/gcc/avr/4.3.3/../../../../avr/lib/avr51\libc.a(ultoa_invert.o)
                0x0000a462                . = ALIGN (0x2)
 *(.text.*)
 .text.libgcc   0x0000a462       0x28 c:/winavr-20100110/bin/../lib/gcc/avr/4.3.3/avr51\libgcc.a(_udivmodhi4.o)
                0x0000a462                __udivmodhi4
 .text.libgcc   0x0000a48a       0x26 c:/winavr-20100110/bin/../lib/gcc/avr/4.3.3/avr51\libgcc.a(_divmodhi4.o)
                0x0000a48a                __divmodhi4
                0x0000a48a                _div
 .text.libgcc   0x0000a4b0        0x0 c:/winavr-20100110/bin/../lib/gcc/avr/4.3.3/avr51\libgcc.a(_exit.o)
 .text.libgcc   0x0000a4b0        0x0 c:/winavr-20100110/bin/../lib/gcc/avr/4.3.3/avr51\libgcc.a(_clear_bss.o)
 .text.libgcc   0x0000a4b0       0x38 c:/winavr-20100110/bin/../lib/gcc/avr/4.3.3/avr51\libgcc.a(_prologue.o)
                0x0000a4b0                __prologue_saves__
 .text.libgcc   0x0000a4e8       0x36 c:/winavr-20100110/bin/../lib/gcc/avr/4.3.3/avr51\libgcc.a(_epilogue.o)
                0x0000a4e8                __epilogue_restores__
 .text.avr-libc
                0x0000a51e       0x24 c:/winavr-20100110/bin/../lib/gcc/avr/4.3.3/../../../../avr/lib/avr51\libc.a(printf.o)
                0x0000a51e                printf
 .text.avr-libc
                0x0000a542        0xe c:/winavr-20100110/bin/../lib/gcc/avr/4.3.3/../../../../avr/lib/avr51\libc.a(putchar.o)
                0x0000a542                putchar
 .text.avr-libc
                0x0000a550      0x40c c:/winavr-20100110/bin/../lib/gcc/avr/4.3.3/../../../../avr/lib/avr51\libc.a(vfprintf_std.o)
                0x0000a550                vfprintf
 .text.avr-libc
                0x0000a95c       0x1a c:/winavr-20100110/bin/../lib/gcc/avr/4.3.3/../../../../avr/lib/avr51\libc.a(eewr_byte_atmega128.o)
                0x0000a95e                __eewr_r18_m128
                0x0000a95c                __eewr_byte_m128
 .text.avr-libc
                0x0000a976       0x16 c:/winavr-20100110/bin/../lib/gcc/avr/4.3.3/../../../../avr/lib/avr51\libc.a(strnlen_P.o)
                0x0000a976                strnlen_P
 .text.avr-libc
                0x0000a98c       0x16 c:/winavr-20100110/bin/../lib/gcc/avr/4.3.3/../../../../avr/lib/avr51\libc.a(strnlen.o)
                0x0000a98c                strnlen
 .text.avr-libc
                0x0000a9a2       0x58 c:/winavr-20100110/bin/../lib/gcc/avr/4.3.3/../../../../avr/lib/avr51\libc.a(fputc.o)
                0x0000a9a2                fputc
 .text.avr-libc
                0x0000a9fa       0xbc c:/winavr-20100110/bin/../lib/gcc/avr/4.3.3/../../../../avr/lib/avr51\libc.a(ultoa_invert.o)
                0x0000a9fa                __ultoa_invert
                0x0000aab6                . = ALIGN (0x2)
 *(.fini9)
 .fini9         0x0000aab6        0x0 c:/winavr-20100110/bin/../lib/gcc/avr/4.3.3/avr51\libgcc.a(_exit.o)
                0x0000aab6                exit
                0x0000aab6                _exit
 *(.fini9)
 *(.fini8)
 *(.fini8)
 *(.fini7)
 *(.fini7)
 *(.fini6)
 *(.fini6)
 *(.fini5)
 *(.fini5)
 *(.fini4)
 *(.fini4)
 *(.fini3)
 *(.fini3)
 *(.fini2)
 *(.fini2)
 *(.fini1)
 *(.fini1)
 *(.fini0)
 .fini0         0x0000aab6        0x4 c:/winavr-20100110/bin/../lib/gcc/avr/4.3.3/avr51\libgcc.a(_exit.o)
 *(.fini0)
                0x0000aaba                _etext = .

.data           0x00800100      0x240 load address 0x0000aaba
                0x00800100                PROVIDE (__data_start, .)
 *(.data)
 .data          0x00800100        0x0 c:/winavr-20100110/bin/../lib/gcc/avr/4.3.3/../../../../avr/lib/avr51/crtm128.o
 .data          0x00800100        0x8 main.o
                0x00800105                UPDOWN_FLAG
                0x00800106                Line_Count
                0x00800103                DOWN_TRUN_TIME
                0x00800100                UP_DELAY_TIME
                0x00800104                IGNORE_DELAY_TIME
                0x00800101                DOWN_DELAY_TIME
                0x00800102                UP_TRUN_TIME
 .data          0x00800108      0x130 ./\libline.a(line.o)
                0x008001d8                bfline
                0x008001b1                savenumber
                0x008001b7                ServoVelocity
                0x008001b3                pushtime
                0x008001bf                left_stop_ratio
                0x008001af                f_sensor_time
                0x008001aa                right_turn
                0x008001d7                B_SENSOR_CMD
                0x008001b5                pluscrosstime
                0x008001a9                BLUETOOTH_USE
                0x008001db                L_b_deadband
                0x008001ae                pwm_value
                0x008001ac                sensor_number
                0x008001ad                end_speed
                0x008001d9                play_tempo
                0x008001b0                b_sensor_time
                0x008001c0                right_stop_ratio
                0x008001dd                txbuf
                0x008001dc                R_b_deadband
                0x008001c1                speedarray
                0x008001ab                left_turn
                0x008001d6                F_SENSOR_CMD
 .data          0x00800238        0x0 c:/winavr-20100110/bin/../lib/gcc/avr/4.3.3/avr51\libgcc.a(_udivmodhi4.o)
 .data          0x00800238        0x0 c:/winavr-20100110/bin/../lib/gcc/avr/4.3.3/avr51\libgcc.a(_divmodhi4.o)
 .data          0x00800238        0x0 c:/winavr-20100110/bin/../lib/gcc/avr/4.3.3/avr51\libgcc.a(_exit.o)
 .data          0x00800238        0x0 c:/winavr-20100110/bin/../lib/gcc/avr/4.3.3/avr51\libgcc.a(_clear_bss.o)
 .data          0x00800238        0x0 c:/winavr-20100110/bin/../lib/gcc/avr/4.3.3/avr51\libgcc.a(_fixunssfsi.o)
 .data          0x00800238        0x0 c:/winavr-20100110/bin/../lib/gcc/avr/4.3.3/avr51\libgcc.a(_addsub_sf.o)
 .data          0x00800238        0x0 c:/winavr-20100110/bin/../lib/gcc/avr/4.3.3/avr51\libgcc.a(_mul_sf.o)
 .data          0x00800238        0x0 c:/winavr-20100110/bin/../lib/gcc/avr/4.3.3/avr51\libgcc.a(_ge_sf.o)
 .data          0x00800238        0x0 c:/winavr-20100110/bin/../lib/gcc/avr/4.3.3/avr51\libgcc.a(_sf_to_si.o)
 .data          0x00800238        0x8 c:/winavr-20100110/bin/../lib/gcc/avr/4.3.3/avr51\libgcc.a(_thenan_sf.o)
                0x00800238                __thenan_sf
 .data          0x00800240        0x0 c:/winavr-20100110/bin/../lib/gcc/avr/4.3.3/avr51\libgcc.a(_usi_to_sf.o)
 .data          0x00800240        0x0 c:/winavr-20100110/bin/../lib/gcc/avr/4.3.3/avr51\libgcc.a(_prologue.o)
 .data          0x00800240        0x0 c:/winavr-20100110/bin/../lib/gcc/avr/4.3.3/avr51\libgcc.a(_epilogue.o)
 .data          0x00800240        0x0 c:/winavr-20100110/bin/../lib/gcc/avr/4.3.3/avr51\libgcc.a(_clzsi2.o)
 .data          0x00800240        0x0 c:/winavr-20100110/bin/../lib/gcc/avr/4.3.3/avr51\libgcc.a(_pack_sf.o)
 .data          0x00800240        0x0 c:/winavr-20100110/bin/../lib/gcc/avr/4.3.3/avr51\libgcc.a(_unpack_sf.o)
 .data          0x00800240        0x0 c:/winavr-20100110/bin/../lib/gcc/avr/4.3.3/avr51\libgcc.a(_fpcmp_parts_sf.o)
 .data          0x00800240      0x100 c:/winavr-20100110/bin/../lib/gcc/avr/4.3.3/avr51\libgcc.a(_clz.o)
                0x00800240                __clz_tab
 .data          0x00800340        0x0 c:/winavr-20100110/bin/../lib/gcc/avr/4.3.3/../../../../avr/lib/avr51\libc.a(iob.o)
 .data          0x00800340        0x0 c:/winavr-20100110/bin/../lib/gcc/avr/4.3.3/../../../../avr/lib/avr51\libc.a(printf.o)
 .data          0x00800340        0x0 c:/winavr-20100110/bin/../lib/gcc/avr/4.3.3/../../../../avr/lib/avr51\libc.a(putchar.o)
 .data          0x00800340        0x0 c:/winavr-20100110/bin/../lib/gcc/avr/4.3.3/../../../../avr/lib/avr51\libc.a(vfprintf_std.o)
 .data          0x00800340        0x0 c:/winavr-20100110/bin/../lib/gcc/avr/4.3.3/../../../../avr/lib/avr51\libc.a(eewr_byte_atmega128.o)
 .data          0x00800340        0x0 c:/winavr-20100110/bin/../lib/gcc/avr/4.3.3/../../../../avr/lib/avr51\libc.a(strnlen_P.o)
 .data          0x00800340        0x0 c:/winavr-20100110/bin/../lib/gcc/avr/4.3.3/../../../../avr/lib/avr51\libc.a(strnlen.o)
 .data          0x00800340        0x0 c:/winavr-20100110/bin/../lib/gcc/avr/4.3.3/../../../../avr/lib/avr51\libc.a(fputc.o)
 .data          0x00800340        0x0 c:/winavr-20100110/bin/../lib/gcc/avr/4.3.3/../../../../avr/lib/avr51\libc.a(ultoa_invert.o)
 *(.data*)
 *(.rodata)
 *(.rodata*)
 *(.gnu.linkonce.d*)
                0x00800340                . = ALIGN (0x2)
                0x00800340                _edata = .
                0x00800340                PROVIDE (__data_end, .)

.bss            0x00800340      0x3f2
                0x00800340                PROVIDE (__bss_start, .)
 *(.bss)
 .bss           0x00800340        0x0 c:/winavr-20100110/bin/../lib/gcc/avr/4.3.3/../../../../avr/lib/avr51/crtm128.o
 .bss           0x00800340        0x9 main.o
                0x00800343                psd_dis
                0x00800345                final_line_time
                0x00800340                now_speed
                0x00800347                search_flag
                0x00800341                Robot_Dir
 .bss           0x00800349       0xac ./\libline.a(line.o)
                0x008003cc                L_deadband
                0x00800382                errtimer
                0x008003b4                itimer11
                0x00800386                timeoverspeed
                0x008003d0                ultrasonic_use
                0x0080039d                INPUT
                0x0080037e                ferr_use
                0x008003c5                REMOCON
                0x00800351                debug_tx_interval
                0x008003b9                crightmotor
                0x0080038d                DEBUG_CNT
                0x008003aa                itimer6
                0x00800365                bleft
                0x0080036d                tracking_speed
                0x00800372                stop_time
                0x008003a6                itimer4
                0x008003c4                shift
                0x00800356                afterexline
                0x0080035e                b_rmotor
                0x008003ae                itimer8
                0x0080034a                _f7flag
                0x008003cb                R_abs_timer
                0x00800369                rleft
                0x008003c0                remocon_nokey_count
                0x00800359                crossstartspeed
                0x00800378                savetimekind
                0x00800396                sturn_stop_ratio
                0x0080036a                rright
                0x00800380                funerrtimer
                0x0080035d                b_lmotor
                0x00800377                SensorLedUse
                0x008003ac                itimer7
                0x00800388                B_SENSOR_DIGITAL
                0x00800385                robot_err
                0x008003a4                itimer3
                0x00800361                r_lmotor
                0x00800391                ServoUse
                0x00800370                decel_time
                0x008003be                remocon_state
                0x008003cf                rightultra
                0x0080038f                SServo_cnt
                0x0080035c                f_rmotor
                0x00800354                ps2_nokey_count
                0x00800392                ServoNum
                0x008003bf                t3count
                0x0080036b                max_speed
                0x008003b2                itimer10
                0x00800390                SServoUse
                0x00800393                Servo_cnt
                0x00800371                start_speed
                0x00800357                right_use
                0x00800394                ServoLevel
                0x00800395                ServoStart
                0x0080037f                fun_err
                0x008003c8                L_mode
                0x00800368                lright
                0x0080034d                download_time
                0x0080037c                f_reverse_sensor
                0x008003ca                R_mode
                0x008003a0                itimer1
                0x00800349                _b7flag
                0x0080038a                msec1
                0x0080038b                cross_break
                0x00800363                fleft
                0x00800353                uart_tx_flag
                0x0080034b                _f7cnt
                0x008003b8                cleftmotor
                0x008003bc                abs_right_count
                0x008003c9                L_abs_timer
                0x0080037b                servo_mode
                0x00800367                lleft
                0x008003d4                bline_use
                0x0080039f                bfline_ss67
                0x00800376                Debug_Buzzer
                0x0080036c                min_speed
                0x00800355                ext_motor_count
                0x00800399                i_timer1
                0x008003c2                REMOCON_ID
                0x00800364                fright
                0x008003d3                crmode
                0x0080039e                bfline_ss12
                0x00800389                cross_sensing
                0x00800360                l_rmotor
                0x008003b6                itimer12
                0x008003d5                b_bwline_use
                0x008003bb                abs_left_count
                0x00800358                left_use
                0x008003d7                rxcnt
                0x0080035a                exturn_use
                0x00800379                saveaddr
                0x008003c6                temp_remocon
                0x00800398                line_color
                0x008003ce                leftultra
                0x0080039c                ad_channel
                0x008003cd                R_deadband
                0x0080038c                line_priority
                0x0080039b                hc126_value
                0x0080035b                f_lmotor
                0x00800374                stop_time_use
                0x008003a2                itimer2
                0x0080035f                l_lmotor
                0x0080034c                _b7cnt
                0x008003b0                itimer9
                0x0080036e                accdec_use
                0x008003d6                SERIAL_ISP
                0x008003bd                Hyerterminal_Use
                0x008003d1                crtime
                0x00800352                Tx_Number
                0x0080036f                accel_time
                0x008003ba                robot_direction
                0x00800362                r_rmotor
                0x0080037d                b_reverse_sensor
                0x008003d8                start_key_mode
                0x00800366                bright
                0x008003a8                itimer5
                0x00800384                err_use
                0x00800397                turn_break_use
                0x00800387                F_SENSOR_DIGITAL
 .bss           0x008003f5        0x0 c:/winavr-20100110/bin/../lib/gcc/avr/4.3.3/avr51\libgcc.a(_udivmodhi4.o)
 .bss           0x008003f5        0x0 c:/winavr-20100110/bin/../lib/gcc/avr/4.3.3/avr51\libgcc.a(_divmodhi4.o)
 .bss           0x008003f5        0x0 c:/winavr-20100110/bin/../lib/gcc/avr/4.3.3/avr51\libgcc.a(_exit.o)
 .bss           0x008003f5        0x0 c:/winavr-20100110/bin/../lib/gcc/avr/4.3.3/avr51\libgcc.a(_clear_bss.o)
 .bss           0x008003f5        0x0 c:/winavr-20100110/bin/../lib/gcc/avr/4.3.3/avr51\libgcc.a(_fixunssfsi.o)
 .bss           0x008003f5        0x0 c:/winavr-20100110/bin/../lib/gcc/avr/4.3.3/avr51\libgcc.a(_addsub_sf.o)
 .bss           0x008003f5        0x0 c:/winavr-20100110/bin/../lib/gcc/avr/4.3.3/avr51\libgcc.a(_mul_sf.o)
 .bss           0x008003f5        0x0 c:/winavr-20100110/bin/../lib/gcc/avr/4.3.3/avr51\libgcc.a(_ge_sf.o)
 .bss           0x008003f5        0x0 c:/winavr-20100110/bin/../lib/gcc/avr/4.3.3/avr51\libgcc.a(_sf_to_si.o)
 .bss           0x008003f5        0x0 c:/winavr-20100110/bin/../lib/gcc/avr/4.3.3/avr51\libgcc.a(_thenan_sf.o)
 .bss           0x008003f5        0x0 c:/winavr-20100110/bin/../lib/gcc/avr/4.3.3/avr51\libgcc.a(_usi_to_sf.o)
 .bss           0x008003f5        0x0 c:/winavr-20100110/bin/../lib/gcc/avr/4.3.3/avr51\libgcc.a(_prologue.o)
 .bss           0x008003f5        0x0 c:/winavr-20100110/bin/../lib/gcc/avr/4.3.3/avr51\libgcc.a(_epilogue.o)
 .bss           0x008003f5        0x0 c:/winavr-20100110/bin/../lib/gcc/avr/4.3.3/avr51\libgcc.a(_clzsi2.o)
 .bss           0x008003f5        0x0 c:/winavr-20100110/bin/../lib/gcc/avr/4.3.3/avr51\libgcc.a(_pack_sf.o)
 .bss           0x008003f5        0x0 c:/winavr-20100110/bin/../lib/gcc/avr/4.3.3/avr51\libgcc.a(_unpack_sf.o)
 .bss           0x008003f5        0x0 c:/winavr-20100110/bin/../lib/gcc/avr/4.3.3/avr51\libgcc.a(_fpcmp_parts_sf.o)
 .bss           0x008003f5        0x0 c:/winavr-20100110/bin/../lib/gcc/avr/4.3.3/avr51\libgcc.a(_clz.o)
 .bss           0x008003f5        0x0 c:/winavr-20100110/bin/../lib/gcc/avr/4.3.3/../../../../avr/lib/avr51\libc.a(iob.o)
 .bss           0x008003f5        0x0 c:/winavr-20100110/bin/../lib/gcc/avr/4.3.3/../../../../avr/lib/avr51\libc.a(printf.o)
 .bss           0x008003f5        0x0 c:/winavr-20100110/bin/../lib/gcc/avr/4.3.3/../../../../avr/lib/avr51\libc.a(putchar.o)
 .bss           0x008003f5        0x0 c:/winavr-20100110/bin/../lib/gcc/avr/4.3.3/../../../../avr/lib/avr51\libc.a(vfprintf_std.o)
 .bss           0x008003f5        0x0 c:/winavr-20100110/bin/../lib/gcc/avr/4.3.3/../../../../avr/lib/avr51\libc.a(eewr_byte_atmega128.o)
 .bss           0x008003f5        0x0 c:/winavr-20100110/bin/../lib/gcc/avr/4.3.3/../../../../avr/lib/avr51\libc.a(strnlen_P.o)
 .bss           0x008003f5        0x0 c:/winavr-20100110/bin/../lib/gcc/avr/4.3.3/../../../../avr/lib/avr51\libc.a(strnlen.o)
 .bss           0x008003f5        0x0 c:/winavr-20100110/bin/../lib/gcc/avr/4.3.3/../../../../avr/lib/avr51\libc.a(fputc.o)
 .bss           0x008003f5        0x0 c:/winavr-20100110/bin/../lib/gcc/avr/4.3.3/../../../../avr/lib/avr51\libc.a(ultoa_invert.o)
 *(.bss*)
 *(COMMON)
 COMMON         0x008003f5      0x195 main.o
                0x008003f5                Mapping
                0x00800521                absh_5
                0x00800536                absh_2
                0x0080054b                absh_1
                0x00800560                absh_3
                0x00800575                absh_4
 COMMON         0x0080058a      0x1a2 ./\libline.a(line.o)
                0x0080058a                habs_break
                0x00800590                result_timer
                0x00800592                ul_before
                0x0080059a                EMOTOR
                0x008005a0                savespeed
                0x008005a0                ul_real
                0x008005a8                labs_break
                0x008005ae                ServoOnPosition
                0x008005b6                ULTRA_MM
                0x008005c6                abs_break
                0x008005cc                ServoOffPosition
                0x008005d4                ADCDATA
                0x008005dc                debug
                0x008005f0                B_SENSOR_ANALOG
                0x008005f8                o_abs_break
                0x008005fe                DEBUG
                0x008006c6                idu
                0x008006c8                before_uptimer
                0x008006ca                uptimer
                0x008006cc                F_SENSOR_ANALOG
                0x008006d4                save_break
                0x008006da                ULTRA_CH
                0x008006ea                ServoGoalPosition
                0x008006f2                t_abs_break
                0x008006f8                rxbuff
                0x0080070c                B_EMOTOR
                0x00800712                ServoTracking
                0x0080071a                PSDATA
                0x00800724                _REMOCON
                0x00800726                turn_break
                0x00800727                accdec_ratio
 COMMON         0x0080072c        0x6 c:/winavr-20100110/bin/../lib/gcc/avr/4.3.3/../../../../avr/lib/avr51\libc.a(iob.o)
                0x0080072c                __iob
                0x00800732                PROVIDE (__bss_end, .)
                0x0000aaba                __data_load_start = LOADADDR (.data)
                0x0000acfa                __data_load_end = (__data_load_start + SIZEOF (.data))

.noinit         0x00800732        0x0
                0x00800732                PROVIDE (__noinit_start, .)
 *(.noinit*)
                0x00800732                PROVIDE (__noinit_end, .)
                0x00800732                _end = .
                0x00800732                PROVIDE (__heap_start, .)

.eeprom         0x00810000        0x0
 *(.eeprom*)
                0x00810000                __eeprom_end = .

.fuse
 *(.fuse)
 *(.lfuse)
 *(.hfuse)
 *(.efuse)

.lock
 *(.lock*)

.signature
 *(.signature*)

.stab
 *(.stab)

.stabstr
 *(.stabstr)

.stab.excl
 *(.stab.excl)

.stab.exclstr
 *(.stab.exclstr)

.stab.index
 *(.stab.index)

.stab.indexstr
 *(.stab.indexstr)

.comment
 *(.comment)

.debug
 *(.debug)

.line
 *(.line)

.debug_srcinfo
 *(.debug_srcinfo)

.debug_sfnames
 *(.debug_sfnames)

.debug_aranges  0x00000000      0x200
 *(.debug_aranges)
 .debug_aranges
                0x00000000       0x20 main.o
 .debug_aranges
                0x00000020       0x20 ./\libline.a(line.o)
 .debug_aranges
                0x00000040       0x20 c:/winavr-20100110/bin/../lib/gcc/avr/4.3.3/avr51\libgcc.a(_fixunssfsi.o)
 .debug_aranges
                0x00000060       0x20 c:/winavr-20100110/bin/../lib/gcc/avr/4.3.3/avr51\libgcc.a(_addsub_sf.o)
 .debug_aranges
                0x00000080       0x20 c:/winavr-20100110/bin/../lib/gcc/avr/4.3.3/avr51\libgcc.a(_mul_sf.o)
 .debug_aranges
                0x000000a0       0x20 c:/winavr-20100110/bin/../lib/gcc/avr/4.3.3/avr51\libgcc.a(_ge_sf.o)
 .debug_aranges
                0x000000c0       0x20 c:/winavr-20100110/bin/../lib/gcc/avr/4.3.3/avr51\libgcc.a(_sf_to_si.o)
 .debug_aranges
                0x000000e0       0x20 c:/winavr-20100110/bin/../lib/gcc/avr/4.3.3/avr51\libgcc.a(_usi_to_sf.o)
 .debug_aranges
                0x00000100       0x20 c:/winavr-20100110/bin/../lib/gcc/avr/4.3.3/avr51\libgcc.a(_clzsi2.o)
 .debug_aranges
                0x00000120       0x20 c:/winavr-20100110/bin/../lib/gcc/avr/4.3.3/avr51\libgcc.a(_pack_sf.o)
 .debug_aranges
                0x00000140       0x20 c:/winavr-20100110/bin/../lib/gcc/avr/4.3.3/avr51\libgcc.a(_unpack_sf.o)
 .debug_aranges
                0x00000160       0x20 c:/winavr-20100110/bin/../lib/gcc/avr/4.3.3/avr51\libgcc.a(_fpcmp_parts_sf.o)
 .debug_aranges
                0x00000180       0x20 c:/winavr-20100110/bin/../lib/gcc/avr/4.3.3/../../../../avr/lib/avr51\libc.a(printf.o)
 .debug_aranges
                0x000001a0       0x20 c:/winavr-20100110/bin/../lib/gcc/avr/4.3.3/../../../../avr/lib/avr51\libc.a(putchar.o)
 .debug_aranges
                0x000001c0       0x20 c:/winavr-20100110/bin/../lib/gcc/avr/4.3.3/../../../../avr/lib/avr51\libc.a(vfprintf_std.o)
 .debug_aranges
                0x000001e0       0x20 c:/winavr-20100110/bin/../lib/gcc/avr/4.3.3/../../../../avr/lib/avr51\libc.a(fputc.o)

.debug_pubnames
                0x00000000     0x186e
 *(.debug_pubnames)
 .debug_pubnames
                0x00000000      0x308 main.o
 .debug_pubnames
                0x00000308     0x133d ./\libline.a(line.o)
 .debug_pubnames
                0x00001645       0x23 c:/winavr-20100110/bin/../lib/gcc/avr/4.3.3/avr51\libgcc.a(_fixunssfsi.o)
 .debug_pubnames
                0x00001668       0x2c c:/winavr-20100110/bin/../lib/gcc/avr/4.3.3/avr51\libgcc.a(_addsub_sf.o)
 .debug_pubnames
                0x00001694       0x1f c:/winavr-20100110/bin/../lib/gcc/avr/4.3.3/avr51\libgcc.a(_mul_sf.o)
 .debug_pubnames
                0x000016b3       0x1e c:/winavr-20100110/bin/../lib/gcc/avr/4.3.3/avr51\libgcc.a(_ge_sf.o)
 .debug_pubnames
                0x000016d1       0x20 c:/winavr-20100110/bin/../lib/gcc/avr/4.3.3/avr51\libgcc.a(_sf_to_si.o)
 .debug_pubnames
                0x000016f1       0x22 c:/winavr-20100110/bin/../lib/gcc/avr/4.3.3/avr51\libgcc.a(_thenan_sf.o)
 .debug_pubnames
                0x00001713       0x24 c:/winavr-20100110/bin/../lib/gcc/avr/4.3.3/avr51\libgcc.a(_usi_to_sf.o)
 .debug_pubnames
                0x00001737       0x1f c:/winavr-20100110/bin/../lib/gcc/avr/4.3.3/avr51\libgcc.a(_clzsi2.o)
 .debug_pubnames
                0x00001756       0x1f c:/winavr-20100110/bin/../lib/gcc/avr/4.3.3/avr51\libgcc.a(_pack_sf.o)
 .debug_pubnames
                0x00001775       0x21 c:/winavr-20100110/bin/../lib/gcc/avr/4.3.3/avr51\libgcc.a(_unpack_sf.o)
 .debug_pubnames
                0x00001796       0x26 c:/winavr-20100110/bin/../lib/gcc/avr/4.3.3/avr51\libgcc.a(_fpcmp_parts_sf.o)
 .debug_pubnames
                0x000017bc       0x20 c:/winavr-20100110/bin/../lib/gcc/avr/4.3.3/avr51\libgcc.a(_clz.o)
 .debug_pubnames
                0x000017dc       0x1c c:/winavr-20100110/bin/../lib/gcc/avr/4.3.3/../../../../avr/lib/avr51\libc.a(iob.o)
 .debug_pubnames
                0x000017f8       0x1d c:/winavr-20100110/bin/../lib/gcc/avr/4.3.3/../../../../avr/lib/avr51\libc.a(printf.o)
 .debug_pubnames
                0x00001815       0x1e c:/winavr-20100110/bin/../lib/gcc/avr/4.3.3/../../../../avr/lib/avr51\libc.a(putchar.o)
 .debug_pubnames
                0x00001833       0x1f c:/winavr-20100110/bin/../lib/gcc/avr/4.3.3/../../../../avr/lib/avr51\libc.a(vfprintf_std.o)
 .debug_pubnames
                0x00001852       0x1c c:/winavr-20100110/bin/../lib/gcc/avr/4.3.3/../../../../avr/lib/avr51\libc.a(fputc.o)

.debug_info     0x00000000     0x83ba
 *(.debug_info)
 .debug_info    0x00000000     0x1166 main.o
 .debug_info    0x00001166     0x4e0d ./\libline.a(line.o)
 .debug_info    0x00005f73       0xb1 c:/winavr-20100110/bin/../lib/gcc/avr/4.3.3/avr51\libgcc.a(_fixunssfsi.o)
 .debug_info    0x00006024      0x47a c:/winavr-20100110/bin/../lib/gcc/avr/4.3.3/avr51\libgcc.a(_addsub_sf.o)
 .debug_info    0x0000649e      0x485 c:/winavr-20100110/bin/../lib/gcc/avr/4.3.3/avr51\libgcc.a(_mul_sf.o)
 .debug_info    0x00006923      0x27f c:/winavr-20100110/bin/../lib/gcc/avr/4.3.3/avr51\libgcc.a(_ge_sf.o)
 .debug_info    0x00006ba2      0x2b0 c:/winavr-20100110/bin/../lib/gcc/avr/4.3.3/avr51\libgcc.a(_sf_to_si.o)
 .debug_info    0x00006e52      0x12c c:/winavr-20100110/bin/../lib/gcc/avr/4.3.3/avr51\libgcc.a(_thenan_sf.o)
 .debug_info    0x00006f7e      0x206 c:/winavr-20100110/bin/../lib/gcc/avr/4.3.3/avr51\libgcc.a(_usi_to_sf.o)
 .debug_info    0x00007184      0x117 c:/winavr-20100110/bin/../lib/gcc/avr/4.3.3/avr51\libgcc.a(_clzsi2.o)
 .debug_info    0x0000729b      0x2df c:/winavr-20100110/bin/../lib/gcc/avr/4.3.3/avr51\libgcc.a(_pack_sf.o)
 .debug_info    0x0000757a      0x251 c:/winavr-20100110/bin/../lib/gcc/avr/4.3.3/avr51\libgcc.a(_unpack_sf.o)
 .debug_info    0x000077cb      0x210 c:/winavr-20100110/bin/../lib/gcc/avr/4.3.3/avr51\libgcc.a(_fpcmp_parts_sf.o)
 .debug_info    0x000079db       0xa9 c:/winavr-20100110/bin/../lib/gcc/avr/4.3.3/avr51\libgcc.a(_clz.o)
 .debug_info    0x00007a84      0x156 c:/winavr-20100110/bin/../lib/gcc/avr/4.3.3/../../../../avr/lib/avr51\libc.a(iob.o)
 .debug_info    0x00007bda      0x1b4 c:/winavr-20100110/bin/../lib/gcc/avr/4.3.3/../../../../avr/lib/avr51\libc.a(printf.o)
 .debug_info    0x00007d8e      0x178 c:/winavr-20100110/bin/../lib/gcc/avr/4.3.3/../../../../avr/lib/avr51\libc.a(putchar.o)
 .debug_info    0x00007f06      0x34a c:/winavr-20100110/bin/../lib/gcc/avr/4.3.3/../../../../avr/lib/avr51\libc.a(vfprintf_std.o)
 .debug_info    0x00008250      0x16a c:/winavr-20100110/bin/../lib/gcc/avr/4.3.3/../../../../avr/lib/avr51\libc.a(fputc.o)
 *(.gnu.linkonce.wi.*)

.debug_abbrev   0x00000000     0x1a7f
 *(.debug_abbrev)
 .debug_abbrev  0x00000000      0x2ec main.o
 .debug_abbrev  0x000002ec      0x3ac ./\libline.a(line.o)
 .debug_abbrev  0x00000698       0x5d c:/winavr-20100110/bin/../lib/gcc/avr/4.3.3/avr51\libgcc.a(_fixunssfsi.o)
 .debug_abbrev  0x000006f5      0x1ea c:/winavr-20100110/bin/../lib/gcc/avr/4.3.3/avr51\libgcc.a(_addsub_sf.o)
 .debug_abbrev  0x000008df      0x21b c:/winavr-20100110/bin/../lib/gcc/avr/4.3.3/avr51\libgcc.a(_mul_sf.o)
 .debug_abbrev  0x00000afa      0x15a c:/winavr-20100110/bin/../lib/gcc/avr/4.3.3/avr51\libgcc.a(_ge_sf.o)
 .debug_abbrev  0x00000c54      0x17f c:/winavr-20100110/bin/../lib/gcc/avr/4.3.3/avr51\libgcc.a(_sf_to_si.o)
 .debug_abbrev  0x00000dd3       0xad c:/winavr-20100110/bin/../lib/gcc/avr/4.3.3/avr51\libgcc.a(_thenan_sf.o)
 .debug_abbrev  0x00000e80      0x157 c:/winavr-20100110/bin/../lib/gcc/avr/4.3.3/avr51\libgcc.a(_usi_to_sf.o)
 .debug_abbrev  0x00000fd7       0xc4 c:/winavr-20100110/bin/../lib/gcc/avr/4.3.3/avr51\libgcc.a(_clzsi2.o)
 .debug_abbrev  0x0000109b      0x1c0 c:/winavr-20100110/bin/../lib/gcc/avr/4.3.3/avr51\libgcc.a(_pack_sf.o)
 .debug_abbrev  0x0000125b      0x154 c:/winavr-20100110/bin/../lib/gcc/avr/4.3.3/avr51\libgcc.a(_unpack_sf.o)
 .debug_abbrev  0x000013af      0x13b c:/winavr-20100110/bin/../lib/gcc/avr/4.3.3/avr51\libgcc.a(_fpcmp_parts_sf.o)
 .debug_abbrev  0x000014ea       0x6a c:/winavr-20100110/bin/../lib/gcc/avr/4.3.3/avr51\libgcc.a(_clz.o)
 .debug_abbrev  0x00001554       0xd0 c:/winavr-20100110/bin/../lib/gcc/avr/4.3.3/../../../../avr/lib/avr51\libc.a(iob.o)
 .debug_abbrev  0x00001624      0x10f c:/winavr-20100110/bin/../lib/gcc/avr/4.3.3/../../../../avr/lib/avr51\libc.a(printf.o)
 .debug_abbrev  0x00001733       0xed c:/winavr-20100110/bin/../lib/gcc/avr/4.3.3/../../../../avr/lib/avr51\libc.a(putchar.o)
 .debug_abbrev  0x00001820      0x184 c:/winavr-20100110/bin/../lib/gcc/avr/4.3.3/../../../../avr/lib/avr51\libc.a(vfprintf_std.o)
 .debug_abbrev  0x000019a4       0xdb c:/winavr-20100110/bin/../lib/gcc/avr/4.3.3/../../../../avr/lib/avr51\libc.a(fputc.o)

.debug_line     0x00000000     0x84aa
 *(.debug_line)
 .debug_line    0x00000000     0x1390 main.o
 .debug_line    0x00001390     0x5b82 ./\libline.a(line.o)
 .debug_line    0x00006f12       0xa7 c:/winavr-20100110/bin/../lib/gcc/avr/4.3.3/avr51\libgcc.a(_fixunssfsi.o)
 .debug_line    0x00006fb9      0x2af c:/winavr-20100110/bin/../lib/gcc/avr/4.3.3/avr51\libgcc.a(_addsub_sf.o)
 .debug_line    0x00007268      0x239 c:/winavr-20100110/bin/../lib/gcc/avr/4.3.3/avr51\libgcc.a(_mul_sf.o)
 .debug_line    0x000074a1       0xd3 c:/winavr-20100110/bin/../lib/gcc/avr/4.3.3/avr51\libgcc.a(_ge_sf.o)
 .debug_line    0x00007574      0x109 c:/winavr-20100110/bin/../lib/gcc/avr/4.3.3/avr51\libgcc.a(_sf_to_si.o)
 .debug_line    0x0000767d       0x90 c:/winavr-20100110/bin/../lib/gcc/avr/4.3.3/avr51\libgcc.a(_thenan_sf.o)
 .debug_line    0x0000770d      0x133 c:/winavr-20100110/bin/../lib/gcc/avr/4.3.3/avr51\libgcc.a(_usi_to_sf.o)
 .debug_line    0x00007840       0xa5 c:/winavr-20100110/bin/../lib/gcc/avr/4.3.3/avr51\libgcc.a(_clzsi2.o)
 .debug_line    0x000078e5      0x18a c:/winavr-20100110/bin/../lib/gcc/avr/4.3.3/avr51\libgcc.a(_pack_sf.o)
 .debug_line    0x00007a6f      0x14b c:/winavr-20100110/bin/../lib/gcc/avr/4.3.3/avr51\libgcc.a(_unpack_sf.o)
 .debug_line    0x00007bba      0x137 c:/winavr-20100110/bin/../lib/gcc/avr/4.3.3/avr51\libgcc.a(_fpcmp_parts_sf.o)
 .debug_line    0x00007cf1       0x7c c:/winavr-20100110/bin/../lib/gcc/avr/4.3.3/avr51\libgcc.a(_clz.o)
 .debug_line    0x00007d6d       0x83 c:/winavr-20100110/bin/../lib/gcc/avr/4.3.3/../../../../avr/lib/avr51\libc.a(iob.o)
 .debug_line    0x00007df0       0xdf c:/winavr-20100110/bin/../lib/gcc/avr/4.3.3/../../../../avr/lib/avr51\libc.a(printf.o)
 .debug_line    0x00007ecf       0xa9 c:/winavr-20100110/bin/../lib/gcc/avr/4.3.3/../../../../avr/lib/avr51\libc.a(putchar.o)
 .debug_line    0x00007f78      0x45b c:/winavr-20100110/bin/../lib/gcc/avr/4.3.3/../../../../avr/lib/avr51\libc.a(vfprintf_std.o)
 .debug_line    0x000083d3       0xd7 c:/winavr-20100110/bin/../lib/gcc/avr/4.3.3/../../../../avr/lib/avr51\libc.a(fputc.o)

.debug_frame    0x00000000     0x1020
 *(.debug_frame)
 .debug_frame   0x00000000      0x260 main.o
 .debug_frame   0x00000260      0xbe0 ./\libline.a(line.o)
 .debug_frame   0x00000e40       0x20 c:/winavr-20100110/bin/../lib/gcc/avr/4.3.3/avr51\libgcc.a(_fixunssfsi.o)
 .debug_frame   0x00000e60       0x40 c:/winavr-20100110/bin/../lib/gcc/avr/4.3.3/avr51\libgcc.a(_addsub_sf.o)
 .debug_frame   0x00000ea0       0x20 c:/winavr-20100110/bin/../lib/gcc/avr/4.3.3/avr51\libgcc.a(_mul_sf.o)
 .debug_frame   0x00000ec0       0x20 c:/winavr-20100110/bin/../lib/gcc/avr/4.3.3/avr51\libgcc.a(_ge_sf.o)
 .debug_frame   0x00000ee0       0x20 c:/winavr-20100110/bin/../lib/gcc/avr/4.3.3/avr51\libgcc.a(_sf_to_si.o)
 .debug_frame   0x00000f00       0x20 c:/winavr-20100110/bin/../lib/gcc/avr/4.3.3/avr51\libgcc.a(_usi_to_sf.o)
 .debug_frame   0x00000f20       0x20 c:/winavr-20100110/bin/../lib/gcc/avr/4.3.3/avr51\libgcc.a(_clzsi2.o)
 .debug_frame   0x00000f40       0x20 c:/winavr-20100110/bin/../lib/gcc/avr/4.3.3/avr51\libgcc.a(_pack_sf.o)
 .debug_frame   0x00000f60       0x20 c:/winavr-20100110/bin/../lib/gcc/avr/4.3.3/avr51\libgcc.a(_unpack_sf.o)
 .debug_frame   0x00000f80       0x20 c:/winavr-20100110/bin/../lib/gcc/avr/4.3.3/avr51\libgcc.a(_fpcmp_parts_sf.o)
 .debug_frame   0x00000fa0       0x20 c:/winavr-20100110/bin/../lib/gcc/avr/4.3.3/../../../../avr/lib/avr51\libc.a(printf.o)
 .debug_frame   0x00000fc0       0x20 c:/winavr-20100110/bin/../lib/gcc/avr/4.3.3/../../../../avr/lib/avr51\libc.a(putchar.o)
 .debug_frame   0x00000fe0       0x20 c:/winavr-20100110/bin/../lib/gcc/avr/4.3.3/../../../../avr/lib/avr51\libc.a(vfprintf_std.o)
 .debug_frame   0x00001000       0x20 c:/winavr-20100110/bin/../lib/gcc/avr/4.3.3/../../../../avr/lib/avr51\libc.a(fputc.o)

.debug_str      0x00000000     0x1720
 *(.debug_str)
 .debug_str     0x00000000      0x3bc main.o
                                0x436 (size before relaxing)
 .debug_str     0x000003bc      0xfd2 ./\libline.a(line.o)
                               0x11e2 (size before relaxing)
 .debug_str     0x0000138e       0x81 c:/winavr-20100110/bin/../lib/gcc/avr/4.3.3/avr51\libgcc.a(_fixunssfsi.o)
                                 0xff (size before relaxing)
 .debug_str     0x0000140f      0x147 c:/winavr-20100110/bin/../lib/gcc/avr/4.3.3/avr51\libgcc.a(_addsub_sf.o)
                                0x207 (size before relaxing)
 .debug_str     0x00001556       0x27 c:/winavr-20100110/bin/../lib/gcc/avr/4.3.3/avr51\libgcc.a(_mul_sf.o)
                                0x1c0 (size before relaxing)
 .debug_str     0x0000157d        0x8 c:/winavr-20100110/bin/../lib/gcc/avr/4.3.3/avr51\libgcc.a(_ge_sf.o)
                                0x196 (size before relaxing)
 .debug_str     0x00001585        0xa c:/winavr-20100110/bin/../lib/gcc/avr/4.3.3/avr51\libgcc.a(_sf_to_si.o)
                                0x19f (size before relaxing)
 .debug_str     0x00000000      0x104 c:/winavr-20100110/bin/../lib/gcc/avr/4.3.3/avr51\libgcc.a(_thenan_sf.o)
 .debug_str     0x0000158f       0x1b c:/winavr-20100110/bin/../lib/gcc/avr/4.3.3/avr51\libgcc.a(_usi_to_sf.o)
                                0x178 (size before relaxing)
 .debug_str     0x000015aa       0x20 c:/winavr-20100110/bin/../lib/gcc/avr/4.3.3/avr51\libgcc.a(_clzsi2.o)
                                0x112 (size before relaxing)
 .debug_str     0x000015ca       0x10 c:/winavr-20100110/bin/../lib/gcc/avr/4.3.3/avr51\libgcc.a(_pack_sf.o)
                                0x19e (size before relaxing)
 .debug_str     0x000015da        0xb c:/winavr-20100110/bin/../lib/gcc/avr/4.3.3/avr51\libgcc.a(_unpack_sf.o)
                                0x180 (size before relaxing)
 .debug_str     0x000015e5       0x10 c:/winavr-20100110/bin/../lib/gcc/avr/4.3.3/avr51\libgcc.a(_fpcmp_parts_sf.o)
                                0x164 (size before relaxing)
 .debug_str     0x00000000       0xf5 c:/winavr-20100110/bin/../lib/gcc/avr/4.3.3/avr51\libgcc.a(_clz.o)
 .debug_str     0x000015f5       0x44 c:/winavr-20100110/bin/../lib/gcc/avr/4.3.3/../../../../avr/lib/avr51\libc.a(iob.o)
                                 0xe8 (size before relaxing)
 .debug_str     0x00001639       0x3e c:/winavr-20100110/bin/../lib/gcc/avr/4.3.3/../../../../avr/lib/avr51\libc.a(printf.o)
                                0x11b (size before relaxing)
 .debug_str     0x00001677       0x1e c:/winavr-20100110/bin/../lib/gcc/avr/4.3.3/../../../../avr/lib/avr51\libc.a(putchar.o)
                                 0xf4 (size before relaxing)
 .debug_str     0x00001695       0x69 c:/winavr-20100110/bin/../lib/gcc/avr/4.3.3/../../../../avr/lib/avr51\libc.a(vfprintf_std.o)
                                0x161 (size before relaxing)
 .debug_str     0x000016fe       0x22 c:/winavr-20100110/bin/../lib/gcc/avr/4.3.3/../../../../avr/lib/avr51\libc.a(fputc.o)
                                 0xf1 (size before relaxing)

.debug_loc      0x00000000     0x45ae
 *(.debug_loc)
 .debug_loc     0x00000000     0x11cb main.o
 .debug_loc     0x000011cb     0x26bc ./\libline.a(line.o)
 .debug_loc     0x00003887       0x34 c:/winavr-20100110/bin/../lib/gcc/avr/4.3.3/avr51\libgcc.a(_fixunssfsi.o)
 .debug_loc     0x000038bb      0x32a c:/winavr-20100110/bin/../lib/gcc/avr/4.3.3/avr51\libgcc.a(_addsub_sf.o)
 .debug_loc     0x00003be5      0x104 c:/winavr-20100110/bin/../lib/gcc/avr/4.3.3/avr51\libgcc.a(_mul_sf.o)
 .debug_loc     0x00003ce9       0x3c c:/winavr-20100110/bin/../lib/gcc/avr/4.3.3/avr51\libgcc.a(_ge_sf.o)
 .debug_loc     0x00003d25       0x7e c:/winavr-20100110/bin/../lib/gcc/avr/4.3.3/avr51\libgcc.a(_sf_to_si.o)
 .debug_loc     0x00003da3       0x4c c:/winavr-20100110/bin/../lib/gcc/avr/4.3.3/avr51\libgcc.a(_usi_to_sf.o)
 .debug_loc     0x00003def       0x94 c:/winavr-20100110/bin/../lib/gcc/avr/4.3.3/avr51\libgcc.a(_clzsi2.o)
 .debug_loc     0x00003e83      0x13e c:/winavr-20100110/bin/../lib/gcc/avr/4.3.3/avr51\libgcc.a(_pack_sf.o)
 .debug_loc     0x00003fc1       0xac c:/winavr-20100110/bin/../lib/gcc/avr/4.3.3/avr51\libgcc.a(_unpack_sf.o)
 .debug_loc     0x0000406d       0x50 c:/winavr-20100110/bin/../lib/gcc/avr/4.3.3/avr51\libgcc.a(_fpcmp_parts_sf.o)
 .debug_loc     0x000040bd       0x18 c:/winavr-20100110/bin/../lib/gcc/avr/4.3.3/../../../../avr/lib/avr51\libc.a(putchar.o)
 .debug_loc     0x000040d5      0x479 c:/winavr-20100110/bin/../lib/gcc/avr/4.3.3/../../../../avr/lib/avr51\libc.a(vfprintf_std.o)
 .debug_loc     0x0000454e       0x60 c:/winavr-20100110/bin/../lib/gcc/avr/4.3.3/../../../../avr/lib/avr51\libc.a(fputc.o)

.debug_macinfo
 *(.debug_macinfo)
OUTPUT(main.elf elf32-avr)
LOAD linker stubs

.debug_ranges   0x00000000      0x1d0
 .debug_ranges  0x00000000       0x48 main.o
 .debug_ranges  0x00000048       0xc0 ./\libline.a(line.o)
 .debug_ranges  0x00000108       0x50 c:/winavr-20100110/bin/../lib/gcc/avr/4.3.3/avr51\libgcc.a(_mul_sf.o)
 .debug_ranges  0x00000158       0x18 c:/winavr-20100110/bin/../lib/gcc/avr/4.3.3/../../../../avr/lib/avr51\libc.a(printf.o)
 .debug_ranges  0x00000170       0x18 c:/winavr-20100110/bin/../lib/gcc/avr/4.3.3/../../../../avr/lib/avr51\libc.a(putchar.o)
 .debug_ranges  0x00000188       0x30 c:/winavr-20100110/bin/../lib/gcc/avr/4.3.3/../../../../avr/lib/avr51\libc.a(vfprintf_std.o)
 .debug_ranges  0x000001b8       0x18 c:/winavr-20100110/bin/../lib/gcc/avr/4.3.3/../../../../avr/lib/avr51\libc.a(fputc.o)
